Script started on Mon 09 Feb 2015 01:47:08 PM PST
~
skuo004@hammer $ l[Kls -[K[K [K[K[Kls -l'[K
total 20
drwx------ 3 skuo004 classes 4096 Oct 15 18:33 [0m[01;34mCS014[0m/
drwx------ 5 skuo004 classes 4096 May 14  2014 [01;34mCS061[0m/
drwx------ 9 skuo004 classes 4096 Feb  9 10:57 [01;34mcs100[0m/
drwx------ 2 skuo004 classes 4096 Oct 14 18:13 [01;34mDesktop[0m/
drwx------ 2 skuo004 classes 4096 Oct 14 18:14 [01;34mDownloads[0m/
[m~
skuo004@hammer $ cd cs100/rshe[K[K[K[Klab5
~/cs100/lab5
skuo004@hammer $ ls -l
total 12
-rw------- 1 skuo004 classes  804 Feb  9 12:39 cp1.cpp
-rw------- 1 skuo004 classes 3405 Feb  9 13:42 cp.cpp
-rw------- 1 skuo004 classes    0 Feb  9 13:43 cp.script
-rw------- 1 skuo004 classes 2653 Feb  9 10:56 Timer.h
~/cs100/lab5
skuo004@hammer $ g++ -w -Wall -werr[K[K[K[KWerror -g -ansi -pedantic -[Kcpc.[K[K.cpp
~/cs100/lab5
skuo004@hammer $ s[Kls -l
total 96
-rwx------ 1 skuo004 classes 80164 Feb  9 13:44 [0m[01;32ma.out[0m*
-rw------- 1 skuo004 classes   804 Feb  9 12:39 cp1.cpp
-rw------- 1 skuo004 classes  3405 Feb  9 13:42 cp.cpp
-rw------- 1 skuo004 classes     0 Feb  9 13:43 cp.script
-rw------- 1 skuo004 classes  2653 Feb  9 10:56 Timer.h
[m~/cs100/lab5
skuo004@hammer $ cppcheck cpp[K.cpp
Checking cp.cpp...
~/cs100/lab5
skuo004@hammer $ val;g[K[Kgrind cp.c[K[K[K[Kcp[K[Ka.[K[K/.ao[K[K[K[K.?a[K[K/a.out c[Kcp1.cpp test blah
==23370== Memcheck, a memory error detector
==23370== Copyright (C) 2002-2012, and GNU GPL'd, by Julian Seward et al.
==23370== Using Valgrind-3.8.1 and LibVEX; rerun with -h for copyright info
==23370== Command: ./a.out cp1.cpp test blah
==23370== 
copy 1
usertime 0.103984 walltime 0.10947 systemtime 0.001
copy 2
usertime 0.003 walltime 0.010571 systemtime 0.005999
copy 3
usertime 0.002 walltime 0.003822 systemtime 0.000999
==23370== 
==23370== HEAP SUMMARY:
==23370==     in use at exit: 0 bytes in 0 blocks
==23370==   total heap usage: 15 allocs, 15 frees, 19,567 bytes allocated
==23370== 
==23370== All heap blocks were freed -- no leaks are possible
==23370== 
==23370== For counts of detected and suppressed errors, rerun with: -v
==23370== ERROR SUMMARY: 0 errors from 0 contexts (suppressed: 6 from 6)
~/cs100/lab5
skuo004@hammer $ ./a.out c[K[K[K[K[K[K[K[K[Krm [K[K[Kls -l
total 100
-rwx------ 1 skuo004 classes 80164 Feb  9 13:44 [0m[01;32ma.out[0m*
-rw------- 1 skuo004 classes   804 Feb  9 12:39 cp1.cpp
-rw------- 1 skuo004 classes  3405 Feb  9 13:42 cp.cpp
-rw------- 1 skuo004 classes     0 Feb  9 13:43 cp.script
-rw------- 1 skuo004 classes   804 Feb  9 13:44 test
-rw------- 1 skuo004 classes  2653 Feb  9 10:56 Timer.h
[m~/cs100/lab5
skuo004@hammer $ rm test
/bin/rm: remove regular file `test'? yes
~/cs100/lab5
skuo004@hammer $ ls [K[K[Krm test[2Pls -l[K[K[K[K[K.l/a[K[K[K/al[K.out /usr/lihnu[K[K[K[K[K[Ks[K/share/dict/linux.words linux.words blah
copy 1
usertime 0.386941 walltime 0.53411 systemtime 0.013998
copy 2
usertime 0.558915 walltime 7.04372 systemtime 6.48301
copy 3
usertime 0.002999 walltime 1.06278 systemtime 0.050992
~/cs100/lab5
skuo004@hammer $ ls[K[K./a.out /usr/share/dict/linux.words linux.words blah[K[K[K[K[K[K[K[K[K[K[K[K[K[K[K[K[K[K[K[K[K[K[K[K[K[K[K[K[K[K[K[K[K[K[K[K[K[K[K[K[K[K[K[Ktest
Not enough arguments!
Usage: cp [file1] [file2] [optional arg]
~/cs100/lab5
skuo004@hammer $ ./a.out test[K[K[K[K[K[K[K[K[K[K[K[Kls -l
total 4944
-rwx------ 1 skuo004 classes   80164 Feb  9 13:44 [0m[01;32ma.out[0m*
-rw------- 1 skuo004 classes     804 Feb  9 12:39 cp1.cpp
-rw------- 1 skuo004 classes    3405 Feb  9 13:42 cp.cpp
-rw------- 1 skuo004 classes       0 Feb  9 13:43 cp.script
-rw------- 1 skuo004 classes 4953699 Feb  9 13:45 linux.words
-rw------- 1 skuo004 classes    2653 Feb  9 10:56 Timer.h
[m~/cs100/lab5
skuo004@hammer $ r[K-rm[K[K[Kls -l./a.out test test2.cp[K[K[K[K[K[K[K[Kte[K[Kcp1.cpp[K[K[K[K[K[K[Klinuxlw[K[K.words
invalid arg1stat:arg1: No such file or directory
~/cs100/lab5
skuo004@hammer $ mkdir testdir
~/cs100/lab5
skuo004@hammer $ mkdir testdir./a.out test linux.wordsd linux.wordsi linux.wordsr linux.words
invalid arg1stat:arg1: Success
~/cs100/lab5
skuo004@hammer $ ./a.out testdir linux.words[K[K[K[K[K[K[K[K[K[K[K[K[K[K[K[K[K[K[Klinux.words testdir
invalid arg2stat:arg2: Success
~/cs100/lab5
skuo004@hammer $ ./a.out linux.words testdir[K[K[K[K[K[K[Kcp1.cpp
invalid arg2stat:arg2: Success
~/cs100/lab5
skuo004@hammer $ exit
exit

Script done on Mon 09 Feb 2015 01:50:56 PM PST
