Script started on Fri 23 Jan 2015 09:38:24 PM PST
~
hdorn001@hammer $ ls
[0m[01;34mcs100[0m/  [01;34mrshell[0m/  [01;34mucr-cs100[0m/
[m~
hdorn001@hammer $ cd rshell[K[K[K[K[K[K[K[K[Kcd rshell
~/rshell
hdorn001@hammer $ make
g++ -o bin/rshell src/main.cpp
~/rshell
hdorn001@hammer $ bin/rshell
$ ls
a.out  bin  LICENSE  Makefile  README.md  rshell  src  tests
$ ls -a
.  ..  a.out  bin  .git  LICENSE  Makefile  README.md  rshell  src  tests
$  ls
a.out  bin  LICENSE  Makefile  README.md  rshell  src  tests
$            ls
a.out  bin  LICENSE  Makefile  README.md  rshell  src  tests
$ 					ls
a.out  bin  LICENSE  Makefile  README.md  rshell  src  tests
$ 	ls -a
.  ..  a.out  bin  .git  LICENSE  Makefile  README.md  rshell  src  tests
$ 	ls	-a
error in execvp: No such file or directory
$ ls #test
a.out  bin  LICENSE  Makefile  README.md  rshell  src  tests
test
$ 	ls #comment
a.out  bin  LICENSE  Makefile  README.md  rshell  src  tests
comment
$ ls; ls
a.out  bin  LICENSE  Makefile  README.md  rshell  src  tests
a.out  bin  LICENSE  Makefile  README.md  rshell  src  tests
$ ls;ls
a.out  bin  LICENSE  Makefile  README.md  rshell  src  tests
a.out  bin  LICENSE  Makefile  README.md  rshell  src  tests
$ ls;ls;ls
a.out  bin  LICENSE  Makefile  README.md  rshell  src  tests
a.out  bin  LICENSE  Makefile  README.md  rshell  src  tests
a.out  bin  LICENSE  Makefile  README.md  rshell  src  tests
$ ls;echo test #commentaire
a.out  bin  LICENSE  Makefile  README.md  rshell  src  tests
test
commentaire
$ ls#THIS IS A BUG
THIS IS A BUG
$ exit
error in execvp: No such file or directory
$ quit  
~/rshell
hdorn001@hammer $ exit
exit

Script done on Fri 23 Jan 2015 09:42:15 PM PST
